title
"Wall Hours: Per Session: by System Username"
parameters

start,end
2018-04-18,2018-04-30
---------
"System Username","Wall Hours: Per Session"
ylwwa,36.50106481
yerwa,27.87240741
setusca,0.40878788
---------
