title
"Wall Hours: Per Session: by VM Size: Cores"
parameters

start,end
2018-04-18,2018-04-30
---------
"VM Size: Cores","Wall Hours: Per Session"
1,20.25029630
"2 - 3",41.97055556
"4 - 7",35.26453704
---------
