title
"Wall Hours: Per Session: by User"
parameters

start,end
2018-04-18,2018-04-30
---------
User,"Wall Hours: Per Session"
"Warbler, Yellow",36.50106481
"Warbler, Yellow-rumped",27.87240741
"Warbler, Blackburnian",0.40878788
---------
